3
8
11
15
2 12
18
20
25
28
32
17 29
35
37
34 36
42
39 43
46
48
<class 'TypeError'> 'int' object is not callable
44 None
51
50 52
