2
3
4
2
5
6
7
12
11
14
13 14
<function a.$ at
None
