2
3
4
1 None
6
5 None
10
9 None

14
13 15
21
23
25
20 26
28
30
32
27 33
