2
5
1 None
12
10 13
20
23
27
28
29
19 30
32
36
31 37
40
38 41
