<module 'sys' (built-in)>
True
<module 'posixpath' from '/usr/lib/python3.7/posixpath.py'>
<module 'posixpath' from '/usr/lib/python3.7/posixpath.py'>
<module 'os' from '/usr/lib/python3.7/os.py'>
<module 'xml' from '/usr/lib/python3.7/xml/__init__.py'>
__builtins__
__doc__
__file__
__loader__
__name__
__package__
__spec__
os
path
sys
