get bar
set foo 1
get bar
get foo
set foo 1
set bar 1
del foo
set 1 1
del 1
get 1
set 1 1
get 1
get 1
set 1 1
set 1 1
get 1
1	1	(1, 1)	None	1	None	1	(1, 1)	1	1
