2
3
4
1 True
6
8
10
5 True
13
15
13
15
12 False False
20
22
24
19 True
27
29
31
27
29
31
26 False True
